TestUnit:
User Name: runner72
Tue Dec  9 03:57:47 AM UTC 2025
n1(int)    :        25
s1(str)    :        25
n2(int)    :      1234
s2(str)    :      1234
n3(n2)     :      1234
X.fibo(1234):4.106158e626
Y.fact(50)   :3.041409e64
imax       :2147483647
big        :9.223372e18
big.print(): 9223372036854775807
1234/25 = 49 rem 9
fibo(3000) = 4.106158e626
fact(50) = 3.041409e64
steps for collatz(123):123. 370. 185. 556. 278. 139. 418. 209. 628. 314. 157. 472. 236. 118. 59. 178. 89. 268. 134. 67. 202. 101. 304. 152. 76. 38. 19. 58. 29. 88. 44. 22. 11. 34. 17. 52. 26. 13. 40. 20. 10. 5. 16. 8. 4. 2. 1. 
:->46
steps for collatz(989345275647):
:->1348
steps for collatz(4.106158e626):
:->15322
10 + n1 = 35
n1 + 10 = 35
(n1 == s1)? --> true
n1++ = ?  --> before:25 after:26
++s1 = ?  --> before:26 after:26
s2 * big = ? --> 1.138164e22
big * s2 = ? --> 1.138164e22

Tue Dec  9 03:57:47 AM UTC 2025
